[2026-03-21T12:20:15-03:00] [INFO] using AutoHotkey executable: C:\Program Files\AutoHotkey\v2\AutoHotkey64.exe
[2026-03-21T12:21:09-03:00] [INFO] using AutoHotkey executable: C:\Program Files\AutoHotkey\v2\AutoHotkey64.exe
[2026-03-21T12:21:10-03:00] [INFO] watcher file for TMP-999.md
[2026-03-21T12:21:10-03:00] [INFO] dispatching TMP-999 from C:\AkuminaPlan\AkuminaTasks\.browser-requests\TMP-999.prompt.txt
[2026-03-21T12:21:10-03:00] [INFO] sent TMP-999 using C:\AkuminaPlan\AkuminaTasks\.browser-requests\TMP-999.prompt.txt
[2026-03-21T12:21:37-03:00] [INFO] using AutoHotkey executable: C:\Program Files\AutoHotkey\v2\AutoHotkey64.exe
[2026-03-21T12:28:26-03:00] [INFO] using AutoHotkey executable: C:\Program Files\AutoHotkey\v2\AutoHotkey64.exe
[2026-03-21T12:29:09-03:00] [INFO] using AutoHotkey executable: C:\Program Files\AutoHotkey\v2\AutoHotkey64.exe
[2026-03-21T12:29:10-03:00] [INFO] watcher file for C:\AkuminaPlan\AkuminaTasks\LAC-250.md
[2026-03-21T12:29:10-03:00] [INFO] dispatching LAC-250 from C:\AkuminaPlan\AkuminaTasks\.browser-requests\LAC-250.prompt.txt
[2026-03-21T12:29:10-03:00] [INFO] sent LAC-250 using C:\AkuminaPlan\AkuminaTasks\.browser-requests\LAC-250.prompt.txt
[2026-03-21T12:45:00-03:00] [INFO] using AutoHotkey executable: C:\Program Files\AutoHotkey\v2\AutoHotkey64.exe
[2026-03-21T12:45:00-03:00] [INFO] watching AkuminaTasks for pending Browser Requests. Poll: 5 seconds. Timeout: 2 minutes
[2026-03-21T12:45:01-03:00] [INFO] watcher scan
[2026-03-21T12:45:01-03:00] [INFO] no new pending Browser Requests found
[2026-03-21T12:45:01-03:00] [INFO] watcher completion-scan
[2026-03-21T12:45:06-03:00] [INFO] watcher scan
[2026-03-21T12:45:06-03:00] [INFO] no new pending Browser Requests found
[2026-03-21T12:45:06-03:00] [INFO] watcher completion-scan
[2026-03-21T12:45:11-03:00] [INFO] watcher scan
[2026-03-21T12:45:11-03:00] [INFO] no new pending Browser Requests found
[2026-03-21T12:45:12-03:00] [INFO] watcher completion-scan
[2026-03-21T12:45:17-03:00] [INFO] watcher scan
[2026-03-21T12:45:17-03:00] [INFO] no new pending Browser Requests found
[2026-03-21T12:45:17-03:00] [INFO] watcher completion-scan
[2026-03-21T12:45:23-03:00] [INFO] watcher scan
[2026-03-21T12:45:23-03:00] [INFO] no new pending Browser Requests found
[2026-03-21T12:45:23-03:00] [INFO] watcher completion-scan
[2026-03-21T12:45:28-03:00] [INFO] watcher scan
[2026-03-21T12:45:28-03:00] [INFO] no new pending Browser Requests found
[2026-03-21T12:45:28-03:00] [INFO] watcher completion-scan
[2026-03-21T12:45:33-03:00] [INFO] watcher scan
[2026-03-21T12:45:33-03:00] [INFO] no new pending Browser Requests found
[2026-03-21T12:45:33-03:00] [INFO] watcher completion-scan
[2026-03-21T12:45:38-03:00] [INFO] watcher scan
[2026-03-21T12:45:38-03:00] [INFO] no new pending Browser Requests found
[2026-03-21T12:45:38-03:00] [INFO] watcher completion-scan
[2026-03-21T12:45:44-03:00] [INFO] watcher scan
[2026-03-21T12:45:44-03:00] [INFO] no new pending Browser Requests found
[2026-03-21T12:45:44-03:00] [INFO] watcher completion-scan
[2026-03-21T12:45:49-03:00] [INFO] watcher scan
[2026-03-21T12:45:49-03:00] [INFO] no new pending Browser Requests found
[2026-03-21T12:45:49-03:00] [INFO] watcher completion-scan
[2026-03-21T12:45:55-03:00] [INFO] watcher scan
[2026-03-21T12:45:55-03:00] [INFO] no new pending Browser Requests found
[2026-03-21T12:45:55-03:00] [INFO] watcher completion-scan
[2026-03-21T12:46:00-03:00] [INFO] watcher scan
[2026-03-21T12:46:00-03:00] [INFO] no new pending Browser Requests found
[2026-03-21T12:46:00-03:00] [INFO] watcher completion-scan
[2026-03-21T12:46:05-03:00] [INFO] watcher scan
[2026-03-21T12:46:05-03:00] [INFO] no new pending Browser Requests found
[2026-03-21T12:46:05-03:00] [INFO] watcher completion-scan
[2026-03-21T12:46:10-03:00] [INFO] watcher scan
[2026-03-21T12:46:10-03:00] [INFO] no new pending Browser Requests found
[2026-03-21T12:46:11-03:00] [INFO] watcher completion-scan
[2026-03-21T12:46:16-03:00] [INFO] watcher scan
[2026-03-21T12:46:16-03:00] [INFO] no new pending Browser Requests found
[2026-03-21T12:46:16-03:00] [INFO] watcher completion-scan
[2026-03-21T12:46:21-03:00] [INFO] watcher scan
[2026-03-21T12:46:21-03:00] [INFO] no new pending Browser Requests found
[2026-03-21T12:46:21-03:00] [INFO] watcher completion-scan
[2026-03-21T12:46:26-03:00] [INFO] watcher scan
[2026-03-21T12:46:26-03:00] [INFO] no new pending Browser Requests found
[2026-03-21T12:46:27-03:00] [INFO] watcher completion-scan
[2026-03-21T12:46:32-03:00] [INFO] watcher scan
[2026-03-21T12:46:32-03:00] [INFO] no new pending Browser Requests found
[2026-03-21T12:46:32-03:00] [INFO] watcher completion-scan
[2026-03-21T12:46:37-03:00] [INFO] watcher scan
[2026-03-21T12:46:37-03:00] [INFO] no new pending Browser Requests found
[2026-03-21T12:46:37-03:00] [INFO] watcher completion-scan
[2026-03-21T12:46:43-03:00] [INFO] watcher scan
[2026-03-21T12:46:43-03:00] [INFO] no new pending Browser Requests found
[2026-03-21T12:46:43-03:00] [INFO] watcher completion-scan
[2026-03-21T12:46:48-03:00] [INFO] watcher scan
[2026-03-21T12:46:48-03:00] [INFO] no new pending Browser Requests found
[2026-03-21T12:46:48-03:00] [INFO] watcher completion-scan
[2026-03-21T12:46:53-03:00] [INFO] watcher scan
[2026-03-21T12:46:53-03:00] [INFO] no new pending Browser Requests found
[2026-03-21T12:46:53-03:00] [INFO] watcher completion-scan
[2026-03-21T12:46:59-03:00] [INFO] watcher scan
[2026-03-21T12:46:59-03:00] [INFO] no new pending Browser Requests found
[2026-03-21T12:46:59-03:00] [INFO] watcher completion-scan
[2026-03-21T12:47:04-03:00] [INFO] watcher scan
[2026-03-21T12:47:04-03:00] [INFO] no new pending Browser Requests found
[2026-03-21T12:47:05-03:00] [INFO] watcher completion-scan
[2026-03-21T12:47:10-03:00] [INFO] watcher scan
[2026-03-21T12:47:10-03:00] [INFO] no new pending Browser Requests found
[2026-03-21T12:47:10-03:00] [INFO] watcher completion-scan
[2026-03-21T12:47:15-03:00] [INFO] watcher scan
[2026-03-21T12:47:15-03:00] [INFO] no new pending Browser Requests found
[2026-03-21T12:47:15-03:00] [INFO] watcher completion-scan
[2026-03-21T12:47:20-03:00] [INFO] watcher scan
[2026-03-21T12:47:20-03:00] [INFO] no new pending Browser Requests found
[2026-03-21T12:47:21-03:00] [INFO] watcher completion-scan
[2026-03-21T12:47:26-03:00] [INFO] watcher scan
[2026-03-21T12:47:26-03:00] [INFO] no new pending Browser Requests found
[2026-03-21T12:47:26-03:00] [INFO] watcher completion-scan
[2026-03-21T12:47:31-03:00] [INFO] watcher scan
[2026-03-21T12:47:31-03:00] [INFO] no new pending Browser Requests found
[2026-03-21T12:47:31-03:00] [INFO] watcher completion-scan
[2026-03-21T12:47:37-03:00] [INFO] watcher scan
[2026-03-21T12:47:37-03:00] [INFO] no new pending Browser Requests found
[2026-03-21T12:47:37-03:00] [INFO] watcher completion-scan
[2026-03-21T12:47:43-03:00] [INFO] watcher scan
[2026-03-21T12:47:43-03:00] [INFO] no new pending Browser Requests found
[2026-03-21T12:47:43-03:00] [INFO] watcher completion-scan
[2026-03-21T12:47:46-03:00] [INFO] using AutoHotkey executable: C:\Program Files\AutoHotkey\v2\AutoHotkey64.exe
[2026-03-21T12:48:23-03:00] [INFO] using AutoHotkey executable: C:\Program Files\AutoHotkey\v2\AutoHotkey64.exe
[2026-03-21T12:48:53-03:00] [INFO] using AutoHotkey executable: C:\Program Files\AutoHotkey\v2\AutoHotkey64.exe
[2026-03-21T12:49:46-03:00] [INFO] using AutoHotkey executable: C:\Program Files\AutoHotkey\v2\AutoHotkey64.exe
[2026-03-21T12:49:46-03:00] [INFO] watcher file for C:\AkuminaPlan\AkuminaTasks\LAC-250.md
[2026-03-21T12:49:46-03:00] [INFO] dispatching LAC-250 from C:\AkuminaPlan\AkuminaTasks\.browser-requests\LAC-250.prompt.txt
[2026-03-21T12:49:47-03:00] [INFO] sent LAC-250 using C:\AkuminaPlan\AkuminaTasks\.browser-requests\LAC-250.prompt.txt
[2026-03-21T12:50:44-03:00] [INFO] using AutoHotkey executable: C:\Program Files\AutoHotkey\v2\AutoHotkey64.exe
[2026-03-21T12:50:44-03:00] [INFO] watcher file for C:\AkuminaPlan\AkuminaTasks\LAC-250.md
[2026-03-21T12:50:44-03:00] [INFO] dispatching LAC-250 from C:\AkuminaPlan\AkuminaTasks\.browser-requests\LAC-250.prompt.txt
[2026-03-21T12:50:44-03:00] [INFO] sent LAC-250 using C:\AkuminaPlan\AkuminaTasks\.browser-requests\LAC-250.prompt.txt
[2026-03-21T12:55:49-03:00] [INFO] using AutoHotkey executable: C:\Program Files\AutoHotkey\v2\AutoHotkey64.exe
[2026-03-21T12:55:49-03:00] [INFO] watcher file for C:\AkuminaPlan\AkuminaTasks\LAC-250.md
[2026-03-21T12:55:49-03:00] [INFO] dispatching LAC-250 from C:\AkuminaPlan\AkuminaTasks\.browser-requests\LAC-250.prompt.txt
[2026-03-21T12:55:49-03:00] [INFO] sent LAC-250 using C:\AkuminaPlan\AkuminaTasks\.browser-requests\LAC-250.prompt.txt
[2026-03-21T12:58:23-03:00] [INFO] using AutoHotkey executable: C:\Program Files\AutoHotkey\v2\AutoHotkey64.exe
[2026-03-21T12:58:24-03:00] [INFO] watcher file for C:\AkuminaPlan\AkuminaTasks\LAC-250.md
[2026-03-21T12:58:24-03:00] [INFO] dispatching LAC-250 from C:\AkuminaPlan\AkuminaTasks\.browser-requests\LAC-250.prompt.txt
[2026-03-21T12:58:24-03:00] [INFO] sent LAC-250 using C:\AkuminaPlan\AkuminaTasks\.browser-requests\LAC-250.prompt.txt
[2026-03-21T13:03:00-03:00] [INFO] using AutoHotkey executable: C:\Program Files\AutoHotkey\v2\AutoHotkey64.exe
[2026-03-21T13:03:00-03:00] [INFO] watcher file for C:\AkuminaPlan\AkuminaTasks\LAC-250.md
[2026-03-21T13:03:01-03:00] [INFO] dispatching LAC-250 from C:\AkuminaPlan\AkuminaTasks\.browser-requests\LAC-250.prompt.txt
[2026-03-21T13:03:01-03:00] [INFO] sent LAC-250 using C:\AkuminaPlan\AkuminaTasks\.browser-requests\LAC-250.prompt.txt
